  ...........................................

   PASS  No misspellings found in your project.  
    
  Duration: 0.00s  

